2026-03-30 20:08:25, MOVE, v:1, k:ed@princesa, mode:PICK
2026-03-30 20:08:39, EXEC, v:1, k:ed@princesa, mode:FREE
2026-03-30 20:45:23, EXEC, v:1, k:ed@princesa, mode:FULL, size:41, fail:COMP
2026-03-30 20:45:35, MOVE, v:1, k:ed@princesa, mode:BACK
2026-03-30 20:46:00, MOVE, v:1, k:ed@princesa, mode:PICK
2026-03-30 20:46:04, EXEC, v:1, k:ed@princesa, mode:FULL, fail:COMP
2026-03-30 20:46:06, EXEC, v:1, k:ed@princesa, mode:FULL, fail:COMP
2026-03-30 20:46:23, EXEC, v:1, k:ed@princesa, mode:FULL, rate:0, size:41
2026-03-30 20:48:01, EXEC, v:1, k:ed@princesa, mode:FULL, rate:100, size:41
2026-03-30 20:48:07, EXEC, v:1, k:ed@princesa, mode:FULL, rate:100
2026-03-30 20:48:08, MOVE, v:1, k:ed@princesa, mode:BACK
2026-03-30 20:49:34, SELF, v:1, k:ed@princesa, self:1, rate:100, study:50, concept:1, problem:1, refactor:1
2026-03-30 20:49:44, MOVE, v:1, k:ed@apagando, mode:PICK
2026-03-30 21:08:05, MOVE, v:1, k:ed@apagando, mode:BACK
2026-03-30 21:08:10, MOVE, v:1, k:ed@apagando, mode:PICK
2026-03-30 21:32:02, EXEC, v:1, k:ed@apagando, mode:FULL, rate:0, size:30
2026-03-30 21:32:12, MOVE, v:1, k:ed@apagando, mode:BACK
2026-03-30 21:32:17, MOVE, v:1, k:ed@apagando, mode:PICK
2026-03-30 21:36:31, EXEC, v:1, k:ed@apagando, mode:FULL, rate:0
2026-03-30 21:36:32, EXEC, v:1, k:ed@apagando, mode:FULL, rate:0
2026-03-30 21:38:42, MOVE, v:1, k:ed@apagando, mode:BACK
2026-03-30 21:40:03, MOVE, v:1, k:ed@apagando, mode:PICK
2026-03-30 21:40:11, EXEC, v:1, k:ed@apagando, mode:FULL, rate:100, size:30
2026-03-30 21:43:58, MOVE, v:1, k:ed@apagando, mode:BACK
2026-03-30 21:45:36, SELF, v:1, k:ed@apagando, self:1, rate:100, study:60, concept:1
2026-03-30 21:45:40, MOVE, v:1, k:ed@apagando, mode:PICK
2026-03-30 21:45:42, MOVE, v:1, k:ed@apagando, mode:BACK
2026-03-30 21:46:23, SELF, v:1, k:ed@apagando, self:1, rate:100, study:60, concept:1, debug:1
2026-03-30 21:46:43, SELF, v:1, k:ed@apagando, self:1, rate:100, study:60, concept:1, debug:1, refactor:1
2026-03-30 21:46:44, MOVE, v:1, k:ed@apagando, mode:PICK
2026-03-30 21:46:45, MOVE, v:1, k:ed@apagando, mode:BACK
2026-03-30 21:47:25, MOVE, v:1, k:ed@manipulacao, mode:PICK
2026-03-30 22:17:04, MOVE, v:1, k:ed@manipulacao, mode:BACK
2026-03-30 23:20:06, MOVE, v:1, k:ed@apagando, mode:PICK
2026-03-30 23:21:31, MOVE, v:1, k:ed@apagando, mode:BACK
