2026-03-22 16:11:51, MOVE, v:1, k:ed@pedra, mode:PICK
2026-03-22 16:51:30, MOVE, v:1, k:ed@pedra, mode:PICK
2026-03-22 17:25:53, EXEC, v:1, k:ed@pedra, mode:FULL, size:34, fail:COMP
2026-03-22 17:26:21, EXEC, v:1, k:ed@pedra, mode:FULL, rate:0, size:34
2026-03-22 17:26:43, EXEC, v:1, k:ed@pedra, mode:FULL, rate:25, size:34
2026-03-22 17:27:58, EXEC, v:1, k:ed@pedra, mode:FULL, rate:25, size:34
2026-03-22 17:31:29, EXEC, v:1, k:ed@pedra, mode:FULL, rate:25
2026-03-22 17:32:46, EXEC, v:1, k:ed@pedra, mode:FULL, rate:25, size:35
2026-03-22 17:38:22, EXEC, v:1, k:ed@pedra, mode:FULL, rate:100, size:38
2026-03-22 17:38:27, MOVE, v:1, k:ed@pedra, mode:BACK
2026-03-22 17:39:52, SELF, v:1, k:ed@pedra, self:1, rate:100, study:90, friend:nao, concept:1, refactor:1
2026-03-22 17:42:29, MOVE, v:1, k:ed@casais, mode:DOWN
2026-03-22 17:42:32, MOVE, v:1, k:ed@casais, mode:PICK
2026-03-22 18:51:25, EXEC, v:1, k:ed@casais, mode:FULL, rate:100, size:28
2026-03-22 18:52:42, MOVE, v:1, k:ed@casais, mode:BACK
2026-03-22 18:53:30, MOVE, v:1, k:ed@casais, mode:PICK
2026-03-22 18:53:34, EXEC, v:1, k:ed@casais, mode:FULL, rate:100, size:28
2026-03-22 18:54:48, MOVE, v:1, k:ed@casais, mode:BACK
2026-03-22 18:54:55, MOVE, v:1, k:ed@casais, mode:PICK
2026-03-22 19:11:36, EXEC, v:1, k:ed@casais, mode:FULL, rate:0, size:29
2026-03-22 19:11:57, EXEC, v:1, k:ed@casais, mode:FULL, rate:0, size:29
2026-03-22 19:12:25, EXEC, v:1, k:ed@casais, mode:FULL, rate:100, size:30
2026-03-22 19:12:28, MOVE, v:1, k:ed@casais, mode:BACK
2026-03-22 19:13:06, SELF, v:1, k:ed@casais, self:1, rate:100, study:30, friend:nao, concept:1
2026-03-22 19:13:19, MOVE, v:1, k:ed@baruel, mode:DOWN
2026-03-22 19:13:20, MOVE, v:1, k:ed@baruel, mode:PICK
2026-03-22 20:20:41, EXEC, v:1, k:ed@baruel, mode:FULL, size:6, fail:COMP
2026-03-22 20:20:46, MOVE, v:1, k:ed@baruel, mode:BACK
2026-03-22 20:20:51, MOVE, v:1, k:ed@baruel, mode:PICK
2026-03-22 21:08:31, EXEC, v:1, k:ed@baruel, mode:FULL, size:54, fail:COMP
2026-03-22 21:08:54, EXEC, v:1, k:ed@baruel, mode:FULL, size:54, fail:COMP
2026-03-22 21:09:11, EXEC, v:1, k:ed@baruel, mode:FULL, size:54, fail:COMP
2026-03-22 21:16:00, EXEC, v:1, k:ed@baruel, mode:FULL, rate:0, size:54
2026-03-22 21:21:50, EXEC, v:1, k:ed@baruel, mode:FULL, rate:100, size:54
2026-03-22 21:21:56, MOVE, v:1, k:ed@baruel, mode:BACK
2026-03-22 21:22:44, SELF, v:1, k:ed@baruel, self:1, rate:100, study:80, friend:nao, concept:1, problem:1
2026-03-22 21:22:52, MOVE, v:1, k:ed@gomos, mode:DOWN
2026-03-22 21:22:53, MOVE, v:1, k:ed@gomos, mode:PICK
2026-03-22 21:41:01, MOVE, v:1, k:ed@gomos, mode:BACK
