2026-04-14 08:46:31, MOVE, v:1, k:ed@baruel, mode:PICK
2026-04-14 08:46:59, MOVE, v:1, k:ed@baruel, mode:BACK
2026-04-14 08:47:08, MOVE, v:1, k:ed@casais, mode:PICK
2026-04-14 08:54:47, MOVE, v:1, k:ed@casais, mode:BACK
2026-04-14 09:01:15, MOVE, v:1, k:ed@princesa, mode:PICK
2026-04-14 09:01:55, MOVE, v:1, k:ed@princesa, mode:BACK
2026-04-14 09:02:13, MOVE, v:1, k:ed@resto, mode:PICK
2026-04-14 09:04:01, MOVE, v:1, k:ed@resto, mode:BACK
2026-04-14 09:04:13, MOVE, v:1, k:ed@mdc, mode:PICK
2026-04-14 09:14:00, MOVE, v:1, k:ed@mdc, mode:BACK
2026-04-14 09:22:54, MOVE, v:1, k:ed@mdc, mode:PICK
2026-04-14 09:24:50, MOVE, v:1, k:ed@mdc, mode:BACK
2026-04-14 10:12:48, MOVE, v:1, k:eval1@casais, mode:DOWN
2026-04-14 10:12:52, MOVE, v:1, k:eval1@casais, mode:PICK
2026-04-14 10:14:37, MOVE, v:1, k:eval1@casais, mode:BACK
2026-04-14 10:15:01, MOVE, v:1, k:eval1@casais, mode:PICK
2026-04-14 10:16:09, MOVE, v:1, k:eval1@casais, mode:BACK
2026-04-14 10:16:48, MOVE, v:1, k:eval1@triangulo, mode:DOWN
2026-04-14 10:16:50, MOVE, v:1, k:eval1@triangulo, mode:PICK
2026-04-14 10:28:55, EXEC, v:1, k:eval1@triangulo, mode:FULL, rate:0, size:47
2026-04-14 10:28:58, MOVE, v:1, k:eval1@triangulo, mode:BACK
2026-04-14 10:29:02, MOVE, v:1, k:eval1@casais, mode:PICK
2026-04-14 10:29:04, EXEC, v:1, k:eval1@casais, mode:FULL, size:31, fail:COMP
2026-04-14 10:29:32, EXEC, v:1, k:eval1@casais, mode:FULL, rate:100, size:31
2026-04-14 10:29:49, MOVE, v:1, k:eval1@casais, mode:BACK
2026-04-14 10:32:06, SELF, v:1, k:eval1@casais, self:1, rate:100, study:20
2026-04-14 10:32:34, MOVE, v:1, k:eval1@queimada, mode:DOWN
2026-04-14 10:32:37, MOVE, v:1, k:eval1@queimada, mode:PICK
2026-04-14 10:33:03, MOVE, v:1, k:eval1@queimada, mode:BACK
2026-04-14 10:33:16, MOVE, v:1, k:eval1@queimada, mode:PICK
2026-04-14 10:34:19, MOVE, v:1, k:eval1@queimada, mode:BACK
2026-04-14 10:34:32, MOVE, v:1, k:eval1@apagando, mode:DOWN
2026-04-14 10:34:33, MOVE, v:1, k:eval1@apagando, mode:PICK
2026-04-14 10:46:06, EXEC, v:1, k:eval1@apagando, mode:FULL, size:4, fail:COMP
2026-04-14 10:50:18, EXEC, v:1, k:eval1@apagando, mode:FULL, fail:COMP
2026-04-14 10:50:45, EXEC, v:1, k:eval1@apagando, mode:FULL, fail:COMP
2026-04-14 10:51:18, EXEC, v:1, k:eval1@apagando, mode:FULL, fail:COMP
2026-04-14 10:51:30, EXEC, v:1, k:eval1@apagando, mode:FULL, fail:COMP
2026-04-14 10:51:46, EXEC, v:1, k:eval1@apagando, mode:FULL, fail:COMP
2026-04-14 10:53:16, EXEC, v:1, k:eval1@apagando, mode:FULL, fail:COMP
2026-04-14 10:53:21, MOVE, v:1, k:eval1@apagando, mode:BACK
2026-04-14 10:53:28, MOVE, v:1, k:eval1@queimada, mode:PICK
2026-04-14 10:53:49, EXEC, v:1, k:eval1@queimada, mode:FULL, rate:42, size:54
2026-04-14 10:56:07, EXEC, v:1, k:eval1@queimada, mode:FULL, rate:100, size:54
2026-04-14 10:56:13, MOVE, v:1, k:eval1@queimada, mode:BACK
2026-04-14 10:56:41, SELF, v:1, k:eval1@queimada, self:1, rate:100, study:30
2026-04-14 10:56:42, MOVE, v:1, k:eval1@queimada, mode:PICK
2026-04-14 10:56:47, MOVE, v:1, k:eval1@queimada, mode:BACK
2026-04-14 10:57:16, MOVE, v:1, k:eval1@triangulo, mode:PICK
2026-04-14 11:03:45, MOVE, v:1, k:eval1@triangulo, mode:BACK
2026-04-14 11:03:57, MOVE, v:1, k:eval1@baruel, mode:DOWN
2026-04-14 11:03:58, MOVE, v:1, k:eval1@baruel, mode:PICK
2026-04-14 11:10:01, MOVE, v:1, k:eval1@baruel, mode:BACK
2026-04-14 11:11:49, MOVE, v:1, k:eval1@queimada, mode:PICK
2026-04-14 11:22:02, MOVE, v:1, k:eval1@queimada, mode:BACK
2026-04-14 11:22:09, MOVE, v:1, k:eval1@baruel, mode:PICK
2026-04-14 11:22:11, EXEC, v:1, k:eval1@baruel, mode:FULL, rate:0, size:17
2026-04-14 11:22:16, MOVE, v:1, k:eval1@baruel, mode:BACK
2026-04-14 11:22:45, SELF, v:1, k:eval1@baruel, self:1, study:15
2026-04-14 11:22:46, MOVE, v:1, k:eval1@baruel, mode:PICK
2026-04-14 11:22:47, EXEC, v:1, k:eval1@baruel, mode:FULL, rate:0
2026-04-14 11:22:49, MOVE, v:1, k:eval1@baruel, mode:BACK
