2026-06-20 15:59:46, MOVE, v:1, k:ed@vetbuild, mode:PICK
2026-06-20 16:06:42, MOVE, v:1, k:ed@vetbuild, mode:BACK
2026-06-20 18:12:12, MOVE, v:1, k:ed@iterador, mode:PICK
2026-06-20 18:32:37, EXEC, v:1, k:ed@iterador, mode:FULL, size:104, fail:COMP
2026-06-20 18:32:58, EXEC, v:1, k:ed@iterador, mode:FULL, rate:33, size:104
2026-06-20 18:33:39, EXEC, v:1, k:ed@iterador, mode:FULL, rate:33, size:104
2026-06-20 18:34:21, EXEC, v:1, k:ed@iterador, mode:FULL, rate:66, size:104
2026-06-20 18:42:51, EXEC, v:1, k:ed@iterador, mode:FULL, size:114, fail:COMP
2026-06-20 18:45:23, EXEC, v:1, k:ed@iterador, mode:FULL, size:119, fail:COMP
2026-06-20 18:48:09, EXEC, v:1, k:ed@iterador, mode:FULL, rate:66, size:129
2026-06-20 18:48:41, EXEC, v:1, k:ed@iterador, mode:FULL, rate:66, size:129
2026-06-20 18:49:15, EXEC, v:1, k:ed@iterador, mode:FULL, rate:100, size:129
2026-06-20 18:49:46, MOVE, v:1, k:ed@iterador, mode:BACK
2026-06-20 18:50:33, SELF, v:1, k:ed@iterador, self:1, rate:100, study:50, concept:1
2026-06-20 18:51:25, MOVE, v:1, k:ed@magicsearch, mode:DOWN
2026-06-20 18:51:27, MOVE, v:1, k:ed@magicsearch, mode:PICK
2026-06-20 18:52:03, EXEC, v:1, k:ed@magicsearch, mode:FULL, rate:30, size:30
2026-06-20 19:30:57, EXEC, v:1, k:ed@magicsearch, mode:FULL, rate:100, size:53
2026-06-20 19:31:10, MOVE, v:1, k:ed@magicsearch, mode:BACK
2026-06-20 19:32:08, SELF, v:1, k:ed@magicsearch, self:1, rate:100, study:20, concept:1
2026-06-20 19:33:55, MOVE, v:1, k:ed@lista_d1, mode:PICK
2026-06-20 19:34:43, EXEC, v:1, k:ed@lista_d1, mode:FULL, rate:100
2026-06-20 19:34:45, MOVE, v:1, k:ed@lista_d1, mode:BACK
2026-06-20 19:34:53, MOVE, v:1, k:ed@lista_d2, mode:DOWN
2026-06-20 19:35:10, MOVE, v:1, k:ed@lista_d2, mode:PICK
2026-06-20 19:58:28, EXEC, v:1, k:ed@lista_d2, mode:FULL, rate:0, size:168
2026-06-20 20:04:16, EXEC, v:1, k:ed@lista_d2, mode:FULL, size:187, fail:COMP
2026-06-20 20:04:31, EXEC, v:1, k:ed@lista_d2, mode:FULL, rate:0, size:187
2026-06-20 20:05:10, EXEC, v:1, k:ed@lista_d2, mode:FULL, rate:20, size:187
2026-06-20 20:12:18, EXEC, v:1, k:ed@lista_d2, mode:FULL, rate:40, size:201
2026-06-20 20:26:40, EXEC, v:1, k:ed@lista_d2, mode:FULL, rate:80, size:242
2026-06-20 20:27:18, EXEC, v:1, k:ed@lista_d2, mode:FULL, rate:80, size:242
2026-06-20 20:30:15, EXEC, v:1, k:ed@lista_d2, mode:FULL, rate:80, size:259
2026-06-20 20:31:37, EXEC, v:1, k:ed@lista_d2, mode:FULL, rate:100, size:259
2026-06-20 20:31:53, MOVE, v:1, k:ed@lista_d2, mode:BACK
2026-06-20 20:32:29, SELF, v:1, k:ed@lista_d2, self:1, rate:100, study:40, concept:1
2026-06-20 20:32:53, MOVE, v:1, k:ed@lista_d1, mode:PICK
2026-06-20 20:33:09, EXEC, v:1, k:ed@lista_d1, mode:FULL, rate:100
2026-06-20 20:33:11, MOVE, v:1, k:ed@lista_d1, mode:BACK
2026-06-20 20:33:46, SELF, v:1, k:ed@lista_d1, self:1, rate:100, study:70, concept:1, problem:1
2026-06-20 20:35:30, MOVE, v:1, k:ed@prin_list1, mode:DOWN
2026-06-20 20:35:39, MOVE, v:1, k:ed@prin_list1, mode:PICK
2026-06-20 20:57:49, EXEC, v:1, k:ed@prin_list1, mode:FULL, size:185, fail:COMP
2026-06-20 20:58:15, EXEC, v:1, k:ed@prin_list1, mode:FULL, size:185, fail:COMP
2026-06-20 20:59:25, EXEC, v:1, k:ed@prin_list1, mode:FULL, rate:0, size:185
2026-06-20 21:12:04, EXEC, v:1, k:ed@prin_list1, mode:FULL, size:187, fail:COMP
2026-06-20 21:13:17, EXEC, v:1, k:ed@prin_list1, mode:FULL, rate:0, size:187
2026-06-20 21:13:44, EXEC, v:1, k:ed@prin_list1, mode:FULL, rate:0, size:187
2026-06-20 21:14:01, EXEC, v:1, k:ed@prin_list1, mode:FULL, rate:100, size:187
2026-06-20 21:14:11, MOVE, v:1, k:ed@prin_list1, mode:BACK
2026-06-20 21:14:59, SELF, v:1, k:ed@prin_list1, self:1, rate:100, study:50, concept:1, debug:1
2026-06-20 21:16:25, MOVE, v:1, k:ed@padroes1, mode:DOWN
2026-06-20 21:16:30, MOVE, v:1, k:ed@padroes1, mode:PICK
2026-06-20 21:24:33, EXEC, v:1, k:ed@padroes1, mode:FULL, rate:100, size:20
2026-06-20 21:24:37, MOVE, v:1, k:ed@padroes1, mode:BACK
2026-06-20 21:25:04, SELF, v:1, k:ed@padroes1, self:1, rate:100, study:5
2026-06-20 21:25:43, MOVE, v:1, k:ed@padroes2, mode:DOWN
2026-06-20 21:25:46, MOVE, v:1, k:ed@padroes2, mode:PICK
2026-06-20 21:31:09, EXEC, v:1, k:ed@padroes2, mode:FULL, size:21, fail:COMP
2026-06-20 21:32:01, EXEC, v:1, k:ed@padroes2, mode:FULL, rate:100, size:21
2026-06-20 21:32:04, MOVE, v:1, k:ed@padroes2, mode:BACK
2026-06-20 21:32:36, SELF, v:1, k:ed@padroes2, self:1, rate:100, study:5
